Flow report for sound_check_top
Fri Mar 14 20:18:40 2025
Quartus Prime Version 23.1std.1 Build 993 05/14/2024 SC Standard Edition


---------------------
; Table of Contents ;
---------------------
  1. Legal Notice
  2. Flow Summary
  3. Flow Settings
  4. Flow Non-Default Global Settings
  5. Flow Elapsed Time
  6. Flow OS Summary
  7. Flow Log
  8. Flow Messages
  9. Flow Suppressed Messages



----------------
; Legal Notice ;
----------------
Copyright (C) 2024  Intel Corporation. All rights reserved.
Your use of Intel Corporation's design tools, logic functions 
and other software and tools, and any partner logic 
functions, and any output files from any of the foregoing 
(including device programming or simulation files), and any 
associated documentation or information are expressly subject 
to the terms and conditions of the Intel Program License 
Subscription Agreement, the Intel Quartus Prime License Agreement,
the Intel FPGA IP License Agreement, or other applicable license
agreement, including, without limitation, that your use is for
the sole purpose of programming logic devices manufactured by
Intel and sold by Intel or its authorized distributors.  Please
refer to the applicable agreement for further details, at
https://fpgasoftware.intel.com/eula.



+-----------------------------------------------------------------------------------------+
; Flow Summary                                                                            ;
+------------------------------------+----------------------------------------------------+
; Flow Status                        ; Successful - Fri Mar 14 20:18:40 2025              ;
; Quartus Prime Version              ; 23.1std.1 Build 993 05/14/2024 SC Standard Edition ;
; Revision Name                      ; sound_check_top                                    ;
; Top-level Entity Name              ; sound_check_top                                    ;
; Family                             ; Cyclone IV E                                       ;
; Device                             ; EP4CE115F29C7                                      ;
; Timing Models                      ; Final                                              ;
; Total logic elements               ; 955 / 114,480 ( < 1 % )                            ;
;     Total combinational functions  ; 622 / 114,480 ( < 1 % )                            ;
;     Dedicated logic registers      ; 740 / 114,480 ( < 1 % )                            ;
; Total registers                    ; 740                                                ;
; Total pins                         ; 26 / 529 ( 5 % )                                   ;
; Total virtual pins                 ; 0                                                  ;
; Total memory bits                  ; 180,224 / 3,981,312 ( 5 % )                        ;
; Embedded Multiplier 9-bit elements ; 0 / 532 ( 0 % )                                    ;
; Total PLLs                         ; 0 / 4 ( 0 % )                                      ;
+------------------------------------+----------------------------------------------------+


+-----------------------------------------+
; Flow Settings                           ;
+-------------------+---------------------+
; Option            ; Setting             ;
+-------------------+---------------------+
; Start date & time ; 03/14/2025 20:18:14 ;
; Main task         ; Compilation         ;
; Revision Name     ; sound_check_top     ;
+-------------------+---------------------+


+---------------------------------------------------------------------------------------------------------------------------------------------------------------------------------------------+
; Flow Non-Default Global Settings                                                                                                                                                            ;
+-------------------------------------+-----------------------------------------------------------------------------------+---------------+---------------+-----------------------------------+
; Assignment Name                     ; Value                                                                             ; Default Value ; Entity Name   ; Section Id                        ;
+-------------------------------------+-----------------------------------------------------------------------------------+---------------+---------------+-----------------------------------+
; COMPILER_SIGNATURE_ID               ; 817182822831.174199789402241                                                      ; --            ; --            ; --                                ;
; EDA_GENERATE_FUNCTIONAL_NETLIST     ; Off                                                                               ; --            ; --            ; eda_board_design_timing           ;
; EDA_GENERATE_FUNCTIONAL_NETLIST     ; Off                                                                               ; --            ; --            ; eda_board_design_boundary_scan    ;
; EDA_GENERATE_FUNCTIONAL_NETLIST     ; Off                                                                               ; --            ; --            ; eda_board_design_signal_integrity ;
; EDA_GENERATE_FUNCTIONAL_NETLIST     ; Off                                                                               ; --            ; --            ; eda_board_design_symbol           ;
; EDA_OUTPUT_DATA_FORMAT              ; Verilog Hdl                                                                       ; --            ; --            ; eda_simulation                    ;
; EDA_SIMULATION_TOOL                 ; Questa Intel FPGA (Verilog)                                                       ; <None>        ; --            ; --                                ;
; EDA_TIME_SCALE                      ; 1 ps                                                                              ; --            ; --            ; eda_simulation                    ;
; ENABLE_SIGNALTAP                    ; On                                                                                ; --            ; --            ; --                                ;
; MAX_CORE_JUNCTION_TEMP              ; 85                                                                                ; --            ; --            ; --                                ;
; MIN_CORE_JUNCTION_TEMP              ; 0                                                                                 ; --            ; --            ; --                                ;
; NOMINAL_CORE_SUPPLY_VOLTAGE         ; 1.2V                                                                              ; --            ; --            ; --                                ;
; PARTITION_COLOR                     ; -- (Not supported for targeted family)                                            ; --            ; chipInterface ; Top                               ;
; PARTITION_COLOR                     ; -- (Not supported for targeted family)                                            ; --            ; --            ; Top                               ;
; PARTITION_COLOR                     ; -- (Not supported for targeted family)                                            ; --            ; vga_test      ; Top                               ;
; PARTITION_FITTER_PRESERVATION_LEVEL ; -- (Not supported for targeted family)                                            ; --            ; chipInterface ; Top                               ;
; PARTITION_FITTER_PRESERVATION_LEVEL ; -- (Not supported for targeted family)                                            ; --            ; --            ; Top                               ;
; PARTITION_FITTER_PRESERVATION_LEVEL ; -- (Not supported for targeted family)                                            ; --            ; vga_test      ; Top                               ;
; PARTITION_NETLIST_TYPE              ; -- (Not supported for targeted family)                                            ; --            ; chipInterface ; Top                               ;
; PARTITION_NETLIST_TYPE              ; -- (Not supported for targeted family)                                            ; --            ; --            ; Top                               ;
; PARTITION_NETLIST_TYPE              ; -- (Not supported for targeted family)                                            ; --            ; vga_test      ; Top                               ;
; POWER_BOARD_THERMAL_MODEL           ; None (CONSERVATIVE)                                                               ; --            ; --            ; --                                ;
; POWER_PRESET_COOLING_SOLUTION       ; 23 MM HEAT SINK WITH 200 LFPM AIRFLOW                                             ; --            ; --            ; --                                ;
; PROJECT_OUTPUT_DIRECTORY            ; output_files                                                                      ; --            ; --            ; --                                ;
; SLD_FILE                            ; db/stp2_auto_stripped.stp                                                         ; --            ; --            ; --                                ;
; SLD_NODE_CREATOR_ID                 ; 110                                                                               ; --            ; --            ; auto_signaltap_0                  ;
; SLD_NODE_ENTITY_NAME                ; sld_signaltap                                                                     ; --            ; --            ; auto_signaltap_0                  ;
; SLD_NODE_PARAMETER_ASSIGNMENT       ; SLD_RAM_BLOCK_TYPE=AUTO                                                           ; --            ; --            ; auto_signaltap_0                  ;
; SLD_NODE_PARAMETER_ASSIGNMENT       ; SLD_NODE_INFO=805334528                                                           ; --            ; --            ; auto_signaltap_0                  ;
; SLD_NODE_PARAMETER_ASSIGNMENT       ; SLD_POWER_UP_TRIGGER=0                                                            ; --            ; --            ; auto_signaltap_0                  ;
; SLD_NODE_PARAMETER_ASSIGNMENT       ; SLD_ATTRIBUTE_MEM_MODE=OFF                                                        ; --            ; --            ; auto_signaltap_0                  ;
; SLD_NODE_PARAMETER_ASSIGNMENT       ; SLD_STATE_FLOW_USE_GENERATED=0                                                    ; --            ; --            ; auto_signaltap_0                  ;
; SLD_NODE_PARAMETER_ASSIGNMENT       ; SLD_STATE_BITS=11                                                                 ; --            ; --            ; auto_signaltap_0                  ;
; SLD_NODE_PARAMETER_ASSIGNMENT       ; SLD_BUFFER_FULL_STOP=1                                                            ; --            ; --            ; auto_signaltap_0                  ;
; SLD_NODE_PARAMETER_ASSIGNMENT       ; SLD_CURRENT_RESOURCE_WIDTH=1                                                      ; --            ; --            ; auto_signaltap_0                  ;
; SLD_NODE_PARAMETER_ASSIGNMENT       ; SLD_INCREMENTAL_ROUTING=1                                                         ; --            ; --            ; auto_signaltap_0                  ;
; SLD_NODE_PARAMETER_ASSIGNMENT       ; SLD_TRIGGER_LEVEL=1                                                               ; --            ; --            ; auto_signaltap_0                  ;
; SLD_NODE_PARAMETER_ASSIGNMENT       ; SLD_TRIGGER_PIPELINE=0                                                            ; --            ; --            ; auto_signaltap_0                  ;
; SLD_NODE_PARAMETER_ASSIGNMENT       ; SLD_COUNTER_PIPELINE=0                                                            ; --            ; --            ; auto_signaltap_0                  ;
; SLD_NODE_PARAMETER_ASSIGNMENT       ; SLD_TRIGGER_LEVEL_PIPELINE=1                                                      ; --            ; --            ; auto_signaltap_0                  ;
; SLD_NODE_PARAMETER_ASSIGNMENT       ; SLD_SEGMENT_SIZE=16384                                                            ; --            ; --            ; auto_signaltap_0                  ;
; SLD_NODE_PARAMETER_ASSIGNMENT       ; SLD_SAMPLE_DEPTH=16384                                                            ; --            ; --            ; auto_signaltap_0                  ;
; SLD_NODE_PARAMETER_ASSIGNMENT       ; SLD_TRIGGER_IN_ENABLED=1                                                          ; --            ; --            ; auto_signaltap_0                  ;
; SLD_NODE_PARAMETER_ASSIGNMENT       ; SLD_RAM_PIPELINE=2                                                                ; --            ; --            ; auto_signaltap_0                  ;
; SLD_NODE_PARAMETER_ASSIGNMENT       ; SLD_ENABLE_ADVANCED_TRIGGER=1                                                     ; --            ; --            ; auto_signaltap_0                  ;
; SLD_NODE_PARAMETER_ASSIGNMENT       ; SLD_TRIGGER_BITS=9                                                                ; --            ; --            ; auto_signaltap_0                  ;
; SLD_NODE_PARAMETER_ASSIGNMENT       ; SLD_ADVANCED_TRIGGER_ENTITY=sld_reserved_sound_check_top_auto_signaltap_0_1_6251, ; --            ; --            ; auto_signaltap_0                  ;
; SLD_NODE_PARAMETER_ASSIGNMENT       ; SLD_DATA_BITS=10                                                                  ; --            ; --            ; auto_signaltap_0                  ;
; SLD_NODE_PARAMETER_ASSIGNMENT       ; SLD_STORAGE_QUALIFIER_BITS=10                                                     ; --            ; --            ; auto_signaltap_0                  ;
; SLD_NODE_PARAMETER_ASSIGNMENT       ; SLD_INVERSION_MASK=00000000000000000000000000000                                  ; --            ; --            ; auto_signaltap_0                  ;
; SLD_NODE_PARAMETER_ASSIGNMENT       ; SLD_INVERSION_MASK_LENGTH=29                                                      ; --            ; --            ; auto_signaltap_0                  ;
; SLD_NODE_PARAMETER_ASSIGNMENT       ; SLD_STORAGE_QUALIFIER_INVERSION_MASK_LENGTH=1                                     ; --            ; --            ; auto_signaltap_0                  ;
; SLD_NODE_PARAMETER_ASSIGNMENT       ; SLD_STORAGE_QUALIFIER_GAP_RECORD=1                                                ; --            ; --            ; auto_signaltap_0                  ;
; SLD_NODE_PARAMETER_ASSIGNMENT       ; SLD_STORAGE_QUALIFIER_MODE=PORT                                                   ; --            ; --            ; auto_signaltap_0                  ;
; USE_SIGNALTAP_FILE                  ; output_files/stp2.stp                                                             ; --            ; --            ; --                                ;
+-------------------------------------+-----------------------------------------------------------------------------------+---------------+---------------+-----------------------------------+


+--------------------------------------------------------------------------------------------------------------------------+
; Flow Elapsed Time                                                                                                        ;
+----------------------+--------------+-------------------------+---------------------+------------------------------------+
; Module Name          ; Elapsed Time ; Average Processors Used ; Peak Virtual Memory ; Total CPU Time (on all processors) ;
+----------------------+--------------+-------------------------+---------------------+------------------------------------+
; Analysis & Synthesis ; 00:00:10     ; 1.0                     ; 607 MB              ; 00:00:25                           ;
; Fitter               ; 00:00:06     ; 1.1                     ; 1833 MB             ; 00:00:13                           ;
; Assembler            ; 00:00:02     ; 1.0                     ; 415 MB              ; 00:00:02                           ;
; Timing Analyzer      ; 00:00:02     ; 1.1                     ; 691 MB              ; 00:00:01                           ;
; EDA Netlist Writer   ; 00:00:01     ; 1.0                     ; 661 MB              ; 00:00:01                           ;
; Total                ; 00:00:21     ; --                      ; --                  ; 00:00:42                           ;
+----------------------+--------------+-------------------------+---------------------+------------------------------------+


+---------------------------------------------------------------------------------------------+
; Flow OS Summary                                                                             ;
+----------------------+------------------------------+---------+------------+----------------+
; Module Name          ; Machine Hostname             ; OS Name ; OS Version ; Processor type ;
+----------------------+------------------------------+---------+------------+----------------+
; Analysis & Synthesis ; hh-1305-01.lan.local.cmu.edu ; Red Hat ; Red Hat    ; x86_64         ;
; Fitter               ; hh-1305-01.lan.local.cmu.edu ; Red Hat ; Red Hat    ; x86_64         ;
; Assembler            ; hh-1305-01.lan.local.cmu.edu ; Red Hat ; Red Hat    ; x86_64         ;
; Timing Analyzer      ; hh-1305-01.lan.local.cmu.edu ; Red Hat ; Red Hat    ; x86_64         ;
; EDA Netlist Writer   ; hh-1305-01.lan.local.cmu.edu ; Red Hat ; Red Hat    ; x86_64         ;
+----------------------+------------------------------+---------+------------+----------------+


------------
; Flow Log ;
------------
quartus_map --read_settings_files=on --write_settings_files=off sound_check_top -c sound_check_top
quartus_fit --read_settings_files=off --write_settings_files=off sound_check_top -c sound_check_top
quartus_asm --read_settings_files=off --write_settings_files=off sound_check_top -c sound_check_top
quartus_sta sound_check_top -c sound_check_top
quartus_eda --read_settings_files=off --write_settings_files=off sound_check_top -c sound_check_top



