Flow report for gameboy
Mon Mar 31 09:45:21 2025
Quartus Prime Version 23.1std.1 Build 993 05/14/2024 SC Standard Edition


---------------------
; Table of Contents ;
---------------------
  1. Legal Notice
  2. Flow Summary
  3. Flow Settings
  4. Flow Non-Default Global Settings
  5. Flow Elapsed Time
  6. Flow OS Summary
  7. Flow Log
  8. Flow Messages
  9. Flow Suppressed Messages



----------------
; Legal Notice ;
----------------
Copyright (C) 2024  Intel Corporation. All rights reserved.
Your use of Intel Corporation's design tools, logic functions 
and other software and tools, and any partner logic 
functions, and any output files from any of the foregoing 
(including device programming or simulation files), and any 
associated documentation or information are expressly subject 
to the terms and conditions of the Intel Program License 
Subscription Agreement, the Intel Quartus Prime License Agreement,
the Intel FPGA IP License Agreement, or other applicable license
agreement, including, without limitation, that your use is for
the sole purpose of programming logic devices manufactured by
Intel and sold by Intel or its authorized distributors.  Please
refer to the applicable agreement for further details, at
https://fpgasoftware.intel.com/eula.



+-----------------------------------------------------------------------------------------+
; Flow Summary                                                                            ;
+------------------------------------+----------------------------------------------------+
; Flow Status                        ; Successful - Mon Mar 31 09:45:17 2025              ;
; Quartus Prime Version              ; 23.1std.1 Build 993 05/14/2024 SC Standard Edition ;
; Revision Name                      ; gameboy                                            ;
; Top-level Entity Name              ; chipInterface                                      ;
; Family                             ; Cyclone IV E                                       ;
; Device                             ; EP4CE115F29C7                                      ;
; Timing Models                      ; Final                                              ;
; Total logic elements               ; 4,845 / 114,480 ( 4 % )                            ;
;     Total combinational functions  ; 4,567 / 114,480 ( 4 % )                            ;
;     Dedicated logic registers      ; 1,299 / 114,480 ( 1 % )                            ;
; Total registers                    ; 1299                                               ;
; Total pins                         ; 173 / 529 ( 33 % )                                 ;
; Total virtual pins                 ; 0                                                  ;
; Total memory bits                  ; 460,800 / 3,981,312 ( 12 % )                       ;
; Embedded Multiplier 9-bit elements ; 0 / 532 ( 0 % )                                    ;
; Total PLLs                         ; 0 / 4 ( 0 % )                                      ;
+------------------------------------+----------------------------------------------------+


+-----------------------------------------+
; Flow Settings                           ;
+-------------------+---------------------+
; Option            ; Setting             ;
+-------------------+---------------------+
; Start date & time ; 03/31/2025 09:44:38 ;
; Main task         ; Compilation         ;
; Revision Name     ; gameboy             ;
+-------------------+---------------------+


+---------------------------------------------------------------------------------------------------------------------------+
; Flow Non-Default Global Settings                                                                                          ;
+-------------------------------------+----------------------------------------+---------------+---------------+------------+
; Assignment Name                     ; Value                                  ; Default Value ; Entity Name   ; Section Id ;
+-------------------------------------+----------------------------------------+---------------+---------------+------------+
; COMPILER_SIGNATURE_ID               ; 817182748156.174342867824421           ; --            ; --            ; --         ;
; PARTITION_COLOR                     ; -- (Not supported for targeted family) ; --            ; chipInterface ; Top        ;
; PARTITION_FITTER_PRESERVATION_LEVEL ; -- (Not supported for targeted family) ; --            ; chipInterface ; Top        ;
; PARTITION_NETLIST_TYPE              ; -- (Not supported for targeted family) ; --            ; chipInterface ; Top        ;
; TOP_LEVEL_ENTITY                    ; chipInterface                          ; gameboy       ; --            ; --         ;
+-------------------------------------+----------------------------------------+---------------+---------------+------------+


+--------------------------------------------------------------------------------------------------------------------------+
; Flow Elapsed Time                                                                                                        ;
+----------------------+--------------+-------------------------+---------------------+------------------------------------+
; Module Name          ; Elapsed Time ; Average Processors Used ; Peak Virtual Memory ; Total CPU Time (on all processors) ;
+----------------------+--------------+-------------------------+---------------------+------------------------------------+
; Analysis & Synthesis ; 00:00:21     ; 1.0                     ; 592 MB              ; 00:00:26                           ;
; Fitter               ; 00:00:13     ; 1.2                     ; 1872 MB             ; 00:00:27                           ;
; Assembler            ; 00:00:02     ; 1.0                     ; 436 MB              ; 00:00:02                           ;
; Timing Analyzer      ; 00:00:03     ; 1.6                     ; 740 MB              ; 00:00:04                           ;
; Total                ; 00:00:39     ; --                      ; --                  ; 00:00:59                           ;
+----------------------+--------------+-------------------------+---------------------+------------------------------------+


+---------------------------------------------------------------------------------------------+
; Flow OS Summary                                                                             ;
+----------------------+------------------------------+---------+------------+----------------+
; Module Name          ; Machine Hostname             ; OS Name ; OS Version ; Processor type ;
+----------------------+------------------------------+---------+------------+----------------+
; Analysis & Synthesis ; hh-1305-03.lan.local.cmu.edu ; Red Hat ; Red Hat    ; x86_64         ;
; Fitter               ; hh-1305-03.lan.local.cmu.edu ; Red Hat ; Red Hat    ; x86_64         ;
; Assembler            ; hh-1305-03.lan.local.cmu.edu ; Red Hat ; Red Hat    ; x86_64         ;
; Timing Analyzer      ; hh-1305-03.lan.local.cmu.edu ; Red Hat ; Red Hat    ; x86_64         ;
+----------------------+------------------------------+---------+------------+----------------+


------------
; Flow Log ;
------------
quartus_map --read_settings_files=on --write_settings_files=off gameboy -c gameboy
quartus_fit --read_settings_files=off --write_settings_files=off gameboy -c gameboy
quartus_asm --read_settings_files=off --write_settings_files=off gameboy -c gameboy
quartus_sta gameboy -c gameboy



