Resource Utilization by Entity report for gameboy
Sun Mar 30 21:28:57 2025
Quartus Prime Version 23.1std.1 Build 993 05/14/2024 SC Standard Edition


---------------------
; Table of Contents ;
---------------------
  1. Legal Notice
  2. Analysis & Synthesis Resource Utilization by Entity



----------------
; Legal Notice ;
----------------
Copyright (C) 2024  Intel Corporation. All rights reserved.
Your use of Intel Corporation's design tools, logic functions 
and other software and tools, and any partner logic 
functions, and any output files from any of the foregoing 
(including device programming or simulation files), and any 
associated documentation or information are expressly subject 
to the terms and conditions of the Intel Program License 
Subscription Agreement, the Intel Quartus Prime License Agreement,
the Intel FPGA IP License Agreement, or other applicable license
agreement, including, without limitation, that your use is for
the sole purpose of programming logic devices manufactured by
Intel and sold by Intel or its authorized distributors.  Please
refer to the applicable agreement for further details, at
https://fpgasoftware.intel.com/eula.



+---------------------------------------------------------------------------------------------------------------------------------------------------------------------------------------------------------------------------------------------------------------------------------------------------------------------------------------------------------------------------------------+
; Analysis & Synthesis Resource Utilization by Entity                                                                                                                                                                                                                                                                                                                                   ;
+-------------------------------------------------------+---------------------+---------------------------+-------------+--------------+---------+-----------+------+--------------+--------------------------------------------------------------------------------------------------------------------------------------------------------+----------------------------+--------------+
; Compilation Hierarchy Node                            ; Combinational ALUTs ; Dedicated Logic Registers ; Memory Bits ; DSP Elements ; DSP 9x9 ; DSP 18x18 ; Pins ; Virtual Pins ; Full Hierarchy Name                                                                                                                                    ; Entity Name                ; Library Name ;
+-------------------------------------------------------+---------------------+---------------------------+-------------+--------------+---------+-----------+------+--------------+--------------------------------------------------------------------------------------------------------------------------------------------------------+----------------------------+--------------+
; |chipInterface                                        ; 69205 (63150)       ; 47602 (46115)             ; 461472      ; 0            ; 0       ; 0         ; 173  ; 0            ; |chipInterface                                                                                                                                         ; chipInterface              ; work         ;
;    |SevenSegmentDisplayWithHex:hi|                    ; 16 (0)              ; 0 (0)                     ; 0           ; 0            ; 0       ; 0         ; 0    ; 0            ; |chipInterface|SevenSegmentDisplayWithHex:hi                                                                                                           ; SevenSegmentDisplayWithHex ; work         ;
;       |BCDtoSevenSegment:g1|                          ; 7 (7)               ; 0 (0)                     ; 0           ; 0            ; 0       ; 0         ; 0    ; 0            ; |chipInterface|SevenSegmentDisplayWithHex:hi|BCDtoSevenSegment:g1                                                                                      ; BCDtoSevenSegment          ; work         ;
;       |BCDtoSevenSegment:g2|                          ; 2 (2)               ; 0 (0)                     ; 0           ; 0            ; 0       ; 0         ; 0    ; 0            ; |chipInterface|SevenSegmentDisplayWithHex:hi|BCDtoSevenSegment:g2                                                                                      ; BCDtoSevenSegment          ; work         ;
;       |BCDtoSevenSegment:g3|                          ; 6 (6)               ; 0 (0)                     ; 0           ; 0            ; 0       ; 0         ; 0    ; 0            ; |chipInterface|SevenSegmentDisplayWithHex:hi|BCDtoSevenSegment:g3                                                                                      ; BCDtoSevenSegment          ; work         ;
;       |BCDtoSevenSegment:g4|                          ; 1 (1)               ; 0 (0)                     ; 0           ; 0            ; 0       ; 0         ; 0    ; 0            ; |chipInterface|SevenSegmentDisplayWithHex:hi|BCDtoSevenSegment:g4                                                                                      ; BCDtoSevenSegment          ; work         ;
;    |gameboy:dut|                                      ; 4607 (1)            ; 1437 (0)                  ; 461472      ; 0            ; 0       ; 0         ; 0    ; 0            ; |chipInterface|gameboy:dut                                                                                                                             ; gameboy                    ; work         ;
;       |MMU:mmu|                                       ; 1346 (74)           ; 840 (10)                  ; 460800      ; 0            ; 0       ; 0         ; 0    ; 0            ; |chipInterface|gameboy:dut|MMU:mmu                                                                                                                     ; MMU                        ; work         ;
;          |BRAM_handler:memory_units|                  ; 528 (304)           ; 340 (272)                 ; 460800      ; 0            ; 0       ; 0         ; 0    ; 0            ; |chipInterface|gameboy:dut|MMU:mmu|BRAM_handler:memory_units                                                                                           ; BRAM_handler               ; work         ;
;             |DMA_controller:dma_guy|                  ; 79 (16)             ; 48 (4)                    ; 0           ; 0            ; 0       ; 0         ; 0    ; 0            ; |chipInterface|gameboy:dut|MMU:mmu|BRAM_handler:memory_units|DMA_controller:dma_guy                                                                    ; DMA_controller             ; work         ;
;                |Counter:cycle_cnter|                  ; 13 (13)             ; 12 (12)                   ; 0           ; 0            ; 0       ; 0         ; 0    ; 0            ; |chipInterface|gameboy:dut|MMU:mmu|BRAM_handler:memory_units|DMA_controller:dma_guy|Counter:cycle_cnter                                                ; Counter                    ; work         ;
;                |Counter:dma_addr_cnter|               ; 34 (34)             ; 16 (16)                   ; 0           ; 0            ; 0       ; 0         ; 0    ; 0            ; |chipInterface|gameboy:dut|MMU:mmu|BRAM_handler:memory_units|DMA_controller:dma_guy|Counter:dma_addr_cnter                                             ; Counter                    ; work         ;
;                |Counter:oam_addr_cnter|               ; 16 (16)             ; 16 (16)                   ; 0           ; 0            ; 0       ; 0         ; 0    ; 0            ; |chipInterface|gameboy:dut|MMU:mmu|BRAM_handler:memory_units|DMA_controller:dma_guy|Counter:oam_addr_cnter                                             ; Counter                    ; work         ;
;             |DUAL_8KB:exram0|                         ; 0 (0)               ; 0 (0)                     ; 65536       ; 0            ; 0       ; 0         ; 0    ; 0            ; |chipInterface|gameboy:dut|MMU:mmu|BRAM_handler:memory_units|DUAL_8KB:exram0                                                                           ; DUAL_8KB                   ; work         ;
;                |altsyncram:altsyncram_component|      ; 0 (0)               ; 0 (0)                     ; 65536       ; 0            ; 0       ; 0         ; 0    ; 0            ; |chipInterface|gameboy:dut|MMU:mmu|BRAM_handler:memory_units|DUAL_8KB:exram0|altsyncram:altsyncram_component                                           ; altsyncram                 ; work         ;
;                   |altsyncram_54g2:auto_generated|    ; 0 (0)               ; 0 (0)                     ; 65536       ; 0            ; 0       ; 0         ; 0    ; 0            ; |chipInterface|gameboy:dut|MMU:mmu|BRAM_handler:memory_units|DUAL_8KB:exram0|altsyncram:altsyncram_component|altsyncram_54g2:auto_generated            ; altsyncram_54g2            ; work         ;
;             |DUAL_8KB:wram0|                          ; 0 (0)               ; 0 (0)                     ; 65536       ; 0            ; 0       ; 0         ; 0    ; 0            ; |chipInterface|gameboy:dut|MMU:mmu|BRAM_handler:memory_units|DUAL_8KB:wram0                                                                            ; DUAL_8KB                   ; work         ;
;                |altsyncram:altsyncram_component|      ; 0 (0)               ; 0 (0)                     ; 65536       ; 0            ; 0       ; 0         ; 0    ; 0            ; |chipInterface|gameboy:dut|MMU:mmu|BRAM_handler:memory_units|DUAL_8KB:wram0|altsyncram:altsyncram_component                                            ; altsyncram                 ; work         ;
;                   |altsyncram_54g2:auto_generated|    ; 0 (0)               ; 0 (0)                     ; 65536       ; 0            ; 0       ; 0         ; 0    ; 0            ; |chipInterface|gameboy:dut|MMU:mmu|BRAM_handler:memory_units|DUAL_8KB:wram0|altsyncram:altsyncram_component|altsyncram_54g2:auto_generated             ; altsyncram_54g2            ; work         ;
;             |DUAL_VRAM_8KB:vram0|                     ; 0 (0)               ; 0 (0)                     ; 65536       ; 0            ; 0       ; 0         ; 0    ; 0            ; |chipInterface|gameboy:dut|MMU:mmu|BRAM_handler:memory_units|DUAL_VRAM_8KB:vram0                                                                       ; DUAL_VRAM_8KB              ; work         ;
;                |altsyncram:altsyncram_component|      ; 0 (0)               ; 0 (0)                     ; 65536       ; 0            ; 0       ; 0         ; 0    ; 0            ; |chipInterface|gameboy:dut|MMU:mmu|BRAM_handler:memory_units|DUAL_VRAM_8KB:vram0|altsyncram:altsyncram_component                                       ; altsyncram                 ; work         ;
;                   |altsyncram_54g2:auto_generated|    ; 0 (0)               ; 0 (0)                     ; 65536       ; 0            ; 0       ; 0         ; 0    ; 0            ; |chipInterface|gameboy:dut|MMU:mmu|BRAM_handler:memory_units|DUAL_VRAM_8KB:vram0|altsyncram:altsyncram_component|altsyncram_54g2:auto_generated        ; altsyncram_54g2            ; work         ;
;             |MM_addr_contention_handler:addr_handler| ; 95 (95)             ; 0 (0)                     ; 0           ; 0            ; 0       ; 0         ; 0    ; 0            ; |chipInterface|gameboy:dut|MMU:mmu|BRAM_handler:memory_units|MM_addr_contention_handler:addr_handler                                                   ; MM_addr_contention_handler ; work         ;
;             |MM_out_chooser:memory_out_muxer|         ; 34 (34)             ; 18 (18)                   ; 0           ; 0            ; 0       ; 0         ; 0    ; 0            ; |chipInterface|gameboy:dut|MMU:mmu|BRAM_handler:memory_units|MM_out_chooser:memory_out_muxer                                                           ; MM_out_chooser             ; work         ;
;             |OAM_DUALBANK:oam|                        ; 0 (0)               ; 0 (0)                     ; 2048        ; 0            ; 0       ; 0         ; 0    ; 0            ; |chipInterface|gameboy:dut|MMU:mmu|BRAM_handler:memory_units|OAM_DUALBANK:oam                                                                          ; OAM_DUALBANK               ; work         ;
;                |altsyncram:altsyncram_component|      ; 0 (0)               ; 0 (0)                     ; 2048        ; 0            ; 0       ; 0         ; 0    ; 0            ; |chipInterface|gameboy:dut|MMU:mmu|BRAM_handler:memory_units|OAM_DUALBANK:oam|altsyncram:altsyncram_component                                          ; altsyncram                 ; work         ;
;                   |altsyncram_rbg2:auto_generated|    ; 0 (0)               ; 0 (0)                     ; 2048        ; 0            ; 0       ; 0         ; 0    ; 0            ; |chipInterface|gameboy:dut|MMU:mmu|BRAM_handler:memory_units|OAM_DUALBANK:oam|altsyncram:altsyncram_component|altsyncram_rbg2:auto_generated           ; altsyncram_rbg2            ; work         ;
;             |ROM_BANK:rom0|                           ; 16 (0)              ; 2 (0)                     ; 262144      ; 0            ; 0       ; 0         ; 0    ; 0            ; |chipInterface|gameboy:dut|MMU:mmu|BRAM_handler:memory_units|ROM_BANK:rom0                                                                             ; ROM_BANK                   ; work         ;
;                |altsyncram:altsyncram_component|      ; 16 (0)              ; 2 (0)                     ; 262144      ; 0            ; 0       ; 0         ; 0    ; 0            ; |chipInterface|gameboy:dut|MMU:mmu|BRAM_handler:memory_units|ROM_BANK:rom0|altsyncram:altsyncram_component                                             ; altsyncram                 ; work         ;
;                   |altsyncram_81a1:auto_generated|    ; 16 (0)              ; 2 (2)                     ; 262144      ; 0            ; 0       ; 0         ; 0    ; 0            ; |chipInterface|gameboy:dut|MMU:mmu|BRAM_handler:memory_units|ROM_BANK:rom0|altsyncram:altsyncram_component|altsyncram_81a1:auto_generated              ; altsyncram_81a1            ; work         ;
;                      |mux_iob:mux2|                   ; 16 (16)             ; 0 (0)                     ; 0           ; 0            ; 0       ; 0         ; 0    ; 0            ; |chipInterface|gameboy:dut|MMU:mmu|BRAM_handler:memory_units|ROM_BANK:rom0|altsyncram:altsyncram_component|altsyncram_81a1:auto_generated|mux_iob:mux2 ; mux_iob                    ; work         ;
;          |IO_handler:io_registers|                    ; 744 (744)           ; 490 (490)                 ; 0           ; 0            ; 0       ; 0         ; 0    ; 0            ; |chipInterface|gameboy:dut|MMU:mmu|IO_handler:io_registers                                                                                             ; IO_handler                 ; work         ;
;       |PPU_Wrapper:ppu|                               ; 1556 (77)           ; 444 (0)                   ; 672         ; 0            ; 0       ; 0         ; 0    ; 0            ; |chipInterface|gameboy:dut|PPU_Wrapper:ppu                                                                                                             ; PPU_Wrapper                ; work         ;
;          |OAM_Search:oam_search|                      ; 597 (597)           ; 227 (227)                 ; 0           ; 0            ; 0       ; 0         ; 0    ; 0            ; |chipInterface|gameboy:dut|PPU_Wrapper:ppu|OAM_Search:oam_search                                                                                       ; OAM_Search                 ; work         ;
;          |PPU_Mode_controller:mode_ctrl|              ; 28 (28)             ; 20 (20)                   ; 0           ; 0            ; 0       ; 0         ; 0    ; 0            ; |chipInterface|gameboy:dut|PPU_Wrapper:ppu|PPU_Mode_controller:mode_ctrl                                                                               ; PPU_Mode_controller        ; work         ;
;          |Pixel_Gen:Pixel_Gen_inst|                   ; 802 (0)             ; 194 (0)                   ; 672         ; 0            ; 0       ; 0         ; 0    ; 0            ; |chipInterface|gameboy:dut|PPU_Wrapper:ppu|Pixel_Gen:Pixel_Gen_inst                                                                                    ; Pixel_Gen                  ; work         ;
;             |FIFO:bg_fifo_inst|                       ; 32 (32)             ; 43 (43)                   ; 160         ; 0            ; 0       ; 0         ; 0    ; 0            ; |chipInterface|gameboy:dut|PPU_Wrapper:ppu|Pixel_Gen:Pixel_Gen_inst|FIFO:bg_fifo_inst                                                                  ; FIFO                       ; work         ;
;                |altsyncram:fifo_mem_rtl_0|            ; 0 (0)               ; 0 (0)                     ; 160         ; 0            ; 0       ; 0         ; 0    ; 0            ; |chipInterface|gameboy:dut|PPU_Wrapper:ppu|Pixel_Gen:Pixel_Gen_inst|FIFO:bg_fifo_inst|altsyncram:fifo_mem_rtl_0                                        ; altsyncram                 ; work         ;
;                   |altsyncram_gcc1:auto_generated|    ; 0 (0)               ; 0 (0)                     ; 160         ; 0            ; 0       ; 0         ; 0    ; 0            ; |chipInterface|gameboy:dut|PPU_Wrapper:ppu|Pixel_Gen:Pixel_Gen_inst|FIFO:bg_fifo_inst|altsyncram:fifo_mem_rtl_0|altsyncram_gcc1:auto_generated         ; altsyncram_gcc1            ; work         ;
;             |FIFO:sprite_fifo_inst|                   ; 53 (53)             ; 51 (51)                   ; 512         ; 0            ; 0       ; 0         ; 0    ; 0            ; |chipInterface|gameboy:dut|PPU_Wrapper:ppu|Pixel_Gen:Pixel_Gen_inst|FIFO:sprite_fifo_inst                                                              ; FIFO                       ; work         ;
;                |altsyncram:fifo_mem_rtl_0|            ; 0 (0)               ; 0 (0)                     ; 512         ; 0            ; 0       ; 0         ; 0    ; 0            ; |chipInterface|gameboy:dut|PPU_Wrapper:ppu|Pixel_Gen:Pixel_Gen_inst|FIFO:sprite_fifo_inst|altsyncram:fifo_mem_rtl_0                                    ; altsyncram                 ; work         ;
;                   |altsyncram_qcc1:auto_generated|    ; 0 (0)               ; 0 (0)                     ; 512         ; 0            ; 0       ; 0         ; 0    ; 0            ; |chipInterface|gameboy:dut|PPU_Wrapper:ppu|Pixel_Gen:Pixel_Gen_inst|FIFO:sprite_fifo_inst|altsyncram:fifo_mem_rtl_0|altsyncram_qcc1:auto_generated     ; altsyncram_qcc1            ; work         ;
;             |Render_BG:render_bg_inst|                ; 122 (122)           ; 50 (50)                   ; 0           ; 0            ; 0       ; 0         ; 0    ; 0            ; |chipInterface|gameboy:dut|PPU_Wrapper:ppu|Pixel_Gen:Pixel_Gen_inst|Render_BG:render_bg_inst                                                           ; Render_BG                  ; work         ;
;             |Render_Sprites:render_sprites_inst|      ; 595 (595)           ; 50 (50)                   ; 0           ; 0            ; 0       ; 0         ; 0    ; 0            ; |chipInterface|gameboy:dut|PPU_Wrapper:ppu|Pixel_Gen:Pixel_Gen_inst|Render_Sprites:render_sprites_inst                                                 ; Render_Sprites             ; work         ;
;          |Pixel_Mixer:pixel_mixer_inst|               ; 52 (52)             ; 3 (3)                     ; 0           ; 0            ; 0       ; 0         ; 0    ; 0            ; |chipInterface|gameboy:dut|PPU_Wrapper:ppu|Pixel_Mixer:pixel_mixer_inst                                                                                ; Pixel_Mixer                ; work         ;
;       |cpu:cpu|                                       ; 1704 (327)          ; 153 (0)                   ; 0           ; 0            ; 0       ; 0         ; 0    ; 0            ; |chipInterface|gameboy:dut|cpu:cpu                                                                                                                     ; cpu                        ; work         ;
;          |alu:alu|                                    ; 188 (188)           ; 0 (0)                     ; 0           ; 0            ; 0       ; 0         ; 0    ; 0            ; |chipInterface|gameboy:dut|cpu:cpu|alu:alu                                                                                                             ; alu                        ; work         ;
;          |decoder:decoder|                            ; 738 (691)           ; 21 (1)                    ; 0           ; 0            ; 0       ; 0         ; 0    ; 0            ; |chipInterface|gameboy:dut|cpu:cpu|decoder:decoder                                                                                                     ; decoder                    ; work         ;
;             |flopenr:imereg|                          ; 2 (2)               ; 1 (1)                     ; 0           ; 0            ; 0       ; 0         ; 0    ; 0            ; |chipInterface|gameboy:dut|cpu:cpu|decoder:decoder|flopenr:imereg                                                                                      ; flopenr                    ; work         ;
;             |flopenr:oldopreg|                        ; 34 (34)             ; 6 (6)                     ; 0           ; 0            ; 0       ; 0         ; 0    ; 0            ; |chipInterface|gameboy:dut|cpu:cpu|decoder:decoder|flopenr:oldopreg                                                                                    ; flopenr                    ; work         ;
;             |flopr:cbprereg|                          ; 0 (0)               ; 1 (1)                     ; 0           ; 0            ; 0       ; 0         ; 0    ; 0            ; |chipInterface|gameboy:dut|cpu:cpu|decoder:decoder|flopr:cbprereg                                                                                      ; flopr                      ; work         ;
;             |flopr:doneflop|                          ; 0 (0)               ; 1 (1)                     ; 0           ; 0            ; 0       ; 0         ; 0    ; 0            ; |chipInterface|gameboy:dut|cpu:cpu|decoder:decoder|flopr:doneflop                                                                                      ; flopr                      ; work         ;
;             |flopr:mpcflop|                           ; 11 (11)             ; 11 (11)                   ; 0           ; 0            ; 0       ; 0         ; 0    ; 0            ; |chipInterface|gameboy:dut|cpu:cpu|decoder:decoder|flopr:mpcflop                                                                                       ; flopr                      ; work         ;
;          |flopenr:memfwdflop|                         ; 16 (16)             ; 23 (23)                   ; 0           ; 0            ; 0       ; 0         ; 0    ; 0            ; |chipInterface|gameboy:dut|cpu:cpu|flopenr:memfwdflop                                                                                                  ; flopenr                    ; work         ;
;          |flopenr:pcflop|                             ; 54 (54)             ; 16 (16)                   ; 0           ; 0            ; 0       ; 0         ; 0    ; 0            ; |chipInterface|gameboy:dut|cpu:cpu|flopenr:pcflop                                                                                                      ; flopenr                    ; work         ;
;          |flopr:memAdrflop|                           ; 1 (1)               ; 1 (1)                     ; 0           ; 0            ; 0       ; 0         ; 0    ; 0            ; |chipInterface|gameboy:dut|cpu:cpu|flopr:memAdrflop                                                                                                    ; flopr                      ; work         ;
;          |regfile:regfile|                            ; 380 (380)           ; 92 (92)                   ; 0           ; 0            ; 0       ; 0         ; 0    ; 0            ; |chipInterface|gameboy:dut|cpu:cpu|regfile:regfile                                                                                                     ; regfile                    ; work         ;
;    |lpm_divide:Div0|                                  ; 673 (0)             ; 0 (0)                     ; 0           ; 0            ; 0       ; 0         ; 0    ; 0            ; |chipInterface|lpm_divide:Div0                                                                                                                         ; lpm_divide                 ; work         ;
;       |lpm_divide_t0p:auto_generated|                 ; 673 (0)             ; 0 (0)                     ; 0           ; 0            ; 0       ; 0         ; 0    ; 0            ; |chipInterface|lpm_divide:Div0|lpm_divide_t0p:auto_generated                                                                                           ; lpm_divide_t0p             ; work         ;
;          |abs_divider_obg:divider|                    ; 673 (54)            ; 0 (0)                     ; 0           ; 0            ; 0       ; 0         ; 0    ; 0            ; |chipInterface|lpm_divide:Div0|lpm_divide_t0p:auto_generated|abs_divider_obg:divider                                                                   ; abs_divider_obg            ; work         ;
;             |alt_u_div_e7f:divider|                   ; 595 (595)           ; 0 (0)                     ; 0           ; 0            ; 0       ; 0         ; 0    ; 0            ; |chipInterface|lpm_divide:Div0|lpm_divide_t0p:auto_generated|abs_divider_obg:divider|alt_u_div_e7f:divider                                             ; alt_u_div_e7f              ; work         ;
;             |lpm_abs_i0a:my_abs_num|                  ; 24 (24)             ; 0 (0)                     ; 0           ; 0            ; 0       ; 0         ; 0    ; 0            ; |chipInterface|lpm_divide:Div0|lpm_divide_t0p:auto_generated|abs_divider_obg:divider|lpm_abs_i0a:my_abs_num                                            ; lpm_abs_i0a                ; work         ;
;    |lpm_divide:Mod0|                                  ; 675 (0)             ; 0 (0)                     ; 0           ; 0            ; 0       ; 0         ; 0    ; 0            ; |chipInterface|lpm_divide:Mod0                                                                                                                         ; lpm_divide                 ; work         ;
;       |lpm_divide_0po:auto_generated|                 ; 675 (0)             ; 0 (0)                     ; 0           ; 0            ; 0       ; 0         ; 0    ; 0            ; |chipInterface|lpm_divide:Mod0|lpm_divide_0po:auto_generated                                                                                           ; lpm_divide_0po             ; work         ;
;          |abs_divider_obg:divider|                    ; 675 (24)            ; 0 (0)                     ; 0           ; 0            ; 0       ; 0         ; 0    ; 0            ; |chipInterface|lpm_divide:Mod0|lpm_divide_0po:auto_generated|abs_divider_obg:divider                                                                   ; abs_divider_obg            ; work         ;
;             |alt_u_div_e7f:divider|                   ; 637 (637)           ; 0 (0)                     ; 0           ; 0            ; 0       ; 0         ; 0    ; 0            ; |chipInterface|lpm_divide:Mod0|lpm_divide_0po:auto_generated|abs_divider_obg:divider|alt_u_div_e7f:divider                                             ; alt_u_div_e7f              ; work         ;
;             |lpm_abs_i0a:my_abs_num|                  ; 14 (14)             ; 0 (0)                     ; 0           ; 0            ; 0       ; 0         ; 0    ; 0            ; |chipInterface|lpm_divide:Mod0|lpm_divide_0po:auto_generated|abs_divider_obg:divider|lpm_abs_i0a:my_abs_num                                            ; lpm_abs_i0a                ; work         ;
;    |vga:v1|                                           ; 84 (1)              ; 50 (0)                    ; 0           ; 0            ; 0       ; 0         ; 0    ; 0            ; |chipInterface|vga:v1                                                                                                                                  ; vga                        ; work         ;
;       |Counter:col_ct|                                ; 11 (11)             ; 10 (10)                   ; 0           ; 0            ; 0       ; 0         ; 0    ; 0            ; |chipInterface|vga:v1|Counter:col_ct                                                                                                                   ; Counter                    ; work         ;
;       |Counter:hs_ct|                                 ; 11 (11)             ; 11 (11)                   ; 0           ; 0            ; 0       ; 0         ; 0    ; 0            ; |chipInterface|vga:v1|Counter:hs_ct                                                                                                                    ; Counter                    ; work         ;
;       |Counter:row_ct|                                ; 11 (11)             ; 9 (9)                     ; 0           ; 0            ; 0       ; 0         ; 0    ; 0            ; |chipInterface|vga:v1|Counter:row_ct                                                                                                                   ; Counter                    ; work         ;
;       |Counter:vs_ct|                                 ; 20 (20)             ; 20 (20)                   ; 0           ; 0            ; 0       ; 0         ; 0    ; 0            ; |chipInterface|vga:v1|Counter:vs_ct                                                                                                                    ; Counter                    ; work         ;
;       |MagComp:HS_num_clock|                          ; 4 (4)               ; 0 (0)                     ; 0           ; 0            ; 0       ; 0         ; 0    ; 0            ; |chipInterface|vga:v1|MagComp:HS_num_clock                                                                                                             ; MagComp                    ; work         ;
;       |MagComp:VS_num_clock|                          ; 8 (8)               ; 0 (0)                     ; 0           ; 0            ; 0       ; 0         ; 0    ; 0            ; |chipInterface|vga:v1|MagComp:VS_num_clock                                                                                                             ; MagComp                    ; work         ;
;       |range_check:hs_period|                         ; 2 (2)               ; 0 (0)                     ; 0           ; 0            ; 0       ; 0         ; 0    ; 0            ; |chipInterface|vga:v1|range_check:hs_period                                                                                                            ; range_check                ; work         ;
;       |range_check:tdisphs_period|                    ; 2 (2)               ; 0 (0)                     ; 0           ; 0            ; 0       ; 0         ; 0    ; 0            ; |chipInterface|vga:v1|range_check:tdisphs_period                                                                                                       ; range_check                ; work         ;
;       |range_check:tdispvs_period|                    ; 8 (8)               ; 0 (0)                     ; 0           ; 0            ; 0       ; 0         ; 0    ; 0            ; |chipInterface|vga:v1|range_check:tdispvs_period                                                                                                       ; range_check                ; work         ;
;       |range_check:vs_period|                         ; 6 (6)               ; 0 (0)                     ; 0           ; 0            ; 0       ; 0         ; 0    ; 0            ; |chipInterface|vga:v1|range_check:vs_period                                                                                                            ; range_check                ; work         ;
+-------------------------------------------------------+---------------------+---------------------------+-------------+--------------+---------+-----------+------+--------------+--------------------------------------------------------------------------------------------------------------------------------------------------------+----------------------------+--------------+
Note: For table entries with two numbers listed, the numbers in parentheses indicate the number of resources of the given type used by the specific entity alone. The numbers listed outside of parentheses indicate the total resources of the given type used by the specific entity and all of its sub-entities in the hierarchy.


